========================================================================= 
Log Path: ./log/download.log 
Program Path: /home/ken/r-projects/world-football/play.qmd 
Working Directory: /home/ken/r-projects/world-football 
User Name: ken 
R Version: 4.5.1 (2025-06-13) 
Machine: ken-desktop x86_64 
Operating System: Linux 6.8.0-63-generic #66-Ubuntu SMP PREEMPT_DYNAMIC Fri Jun 13 20:25:30 UTC 2025 
Base Packages: stats graphics grDevices datasets utils methods base 
Other Packages: conflicted_1.2.0 logr_1.3.9 common_1.1.3 rvest_1.0.4 lubridate_1.9.4 forcats_1.0.0 stringr_1.5.1 dplyr_1.1.4 purrr_1.0.4 readr_2.1.5 tidyr_1.3.1 tibble_3.3.0 ggplot2_3.5.2 tidyverse_2.0.0 devtools_2.4.5 usethis_3.1.0 
Log Start Time: 2025-07-07 13:04:26.775174 
========================================================================= 

[1] "Brazil Serie B" "Chile"          "Estonia"        "Finland"        "Lithuania"      "Sweden"         "USA"           

NOTE: Log Print Time:  2025-07-07 13:04:26.775952 
NOTE: Elapsed Time: 0.000369071960449219 secs 

Brazil Serie B 

NOTE: Log Print Time:  2025-07-07 13:04:26.776553 
NOTE: Elapsed Time: 0.000601291656494141 secs 

* present: Brazil Serie B 

NOTE: Log Print Time:  2025-07-07 13:04:28.978284 
NOTE: Elapsed Time: 2.20173072814941 secs 

Chile 

NOTE: Log Print Time:  2025-07-07 13:04:29.166139 
NOTE: Elapsed Time: 0.18785548210144 secs 

* present: Chile 

NOTE: Log Print Time:  2025-07-07 13:04:30.96508 
NOTE: Elapsed Time: 1.79894018173218 secs 

Estonia 

NOTE: Log Print Time:  2025-07-07 13:04:31.101633 
NOTE: Elapsed Time: 0.136553049087524 secs 

* present: Estonia 

NOTE: Log Print Time:  2025-07-07 13:04:33.400703 
NOTE: Elapsed Time: 2.29907011985779 secs 

Finland 

NOTE: Log Print Time:  2025-07-07 13:04:33.497923 
NOTE: Elapsed Time: 0.0972206592559814 secs 

* present: Finland 

NOTE: Log Print Time:  2025-07-07 13:04:35.631137 
NOTE: Elapsed Time: 2.13321352005005 secs 

Lithuania 

NOTE: Log Print Time:  2025-07-07 13:04:35.711949 
NOTE: Elapsed Time: 0.0808119773864746 secs 

* present: Lithuania 

NOTE: Log Print Time:  2025-07-07 13:04:37.150784 
NOTE: Elapsed Time: 1.43883538246155 secs 

Sweden 

NOTE: Log Print Time:  2025-07-07 13:04:37.244509 
NOTE: Elapsed Time: 0.0937244892120361 secs 

* present: Sweden 

NOTE: Log Print Time:  2025-07-07 13:04:38.749259 
NOTE: Elapsed Time: 1.50474977493286 secs 

USA 

NOTE: Log Print Time:  2025-07-07 13:04:38.867749 
NOTE: Elapsed Time: 0.11849045753479 secs 

* present: USA 

NOTE: Log Print Time:  2025-07-07 13:04:41.396687 
NOTE: Elapsed Time: 2.52893781661987 secs 

========================================================================= 
Log End Time: 2025-07-07 13:04:41.568627 
Log Elapsed Time: 0 00:00:14 
========================================================================= 
