=========================================================================
Log Path: sim/log/sim.log
Program Path: /home/ken/r-projects/world-football/sim-league.qmd
Working Directory: /home/ken/r-projects/world-football
User Name: ken
R Version: 4.5.0 (2025-04-11)
Machine: ken-desktop x86_64
Operating System: Linux 6.8.0-60-generic #63-Ubuntu SMP PREEMPT_DYNAMIC Tue Apr 15 19:04:15 UTC 2025
Base Packages: stats graphics grDevices datasets utils methods base
Other Packages: cmdstanr_0.9.0 posterior_1.6.1 conflicted_1.2.0 logr_1.3.9 common_1.1.3 rvest_1.0.4 lubridate_1.9.4 forcats_1.0.0 stringr_1.5.1 dplyr_1.1.4 purrr_1.0.4 readr_2.1.5 tidyr_1.3.1 tibble_3.2.1 ggplot2_3.5.2 tidyverse_2.0.0
Log Start Time: 2025-06-05 17:17:54.884063
=========================================================================

Brazil

NOTE: Log Print Time:  2025-06-05 17:18:00.693169
NOTE: Elapsed Time: 5.80869507789612 secs

Done bra_serie-a_2025.rds

NOTE: Log Print Time:  2025-06-05 17:20:47.59666
NOTE: Elapsed Time: 2.78172485431035 mins

=========================================================================
Log End Time: 2025-06-05 17:20:47.598098
Log Elapsed Time: 0 00:02:52
=========================================================================
